[backblue.gif]
[fade.gif]
[index.html]
[qooh.me/images/facebook-share-my-link-200x200.png]
[qooh.me/images/favicon.ico]
[qooh.me/js/lib/jquery-1.9.1.js]
[qooh.me/scripts/jquery.colorbox.js]
[qooh.me/js/FacebookHelper.js]
[qooh.me/index.html]
[pagead2.googlesyndication.com/pagead/f.txt]
[qooh.me/images/ajax-loader.gif]
[qooh.me/photos/profile/55x55/Qooh.me.jpg/0.jpg]
[qooh.me/photos/profile/90x90/Qooh.me.jpg/0.jpg]
[qooh.me/images/profile_photo/Qooh.me.jpg]
[qooh.me/Qooh.html]
[qooh.me/images/bodyBg.png]
[qooh.me/images/body-bg.png]
[qooh.me/images/logo.png]
[qooh.me/images/tag-btn.png]
[qooh.me/images/tag-btn-hover.png]
[qooh.me/images/join-now-button.png]
[qooh.me/images/login-form-bg.png]
[qooh.me/images/send-btn.png]
[qooh.me/images/content-bg-repeat.png]
[qooh.me/images/reply-message.png]
[qooh.me/images/delete-icon.png]
[qooh.me/images/sidepanel-arrow.png]
[qooh.me/images/taglist.png]
[qooh.me/images/more-icon.png]
[qooh.me/images/button-repeat.png]
[qooh.me/images/button-grey.png]
[qooh.me/images/green-button.png]
[qooh.me/images/zoom.png]
[qooh.me/css/images/controls.png]
[qooh.me/css/images/border.png]
[qooh.me/css/images/loading_background.png]
[qooh.me/css/images/loading.gif]
[qooh.me/images/designed-body-bg.png]
[qooh.me/images/designed-logo.png]
[qooh.me/images/designed-find-friends-icon.png]
[qooh.me/images/designed-find-friends-icon-hover.png]
[qooh.me/images/designed-settings-icon.png]
[qooh.me/images/designed-settings-icon-hover.png]
[qooh.me/images/designed-logout-icon.png]
[qooh.me/images/designed-logout-icon-hover.png]
[qooh.me/images/arrow.png]
[qooh.me/images/location-icon.png]
[qooh.me/images/arrow-down.png]
[qooh.me/images/designed-like-btn.png]
[qooh.me/images/designed-unlike-btn.png]
[qooh.me/images/designed-report-btn.png]
[qooh.me/images/designed-report-btn-hover.png]
[qooh.me/images/comment_reply.png]
[qooh.me/images/comment_reply-hover.png]
[qooh.me/images/designed-delete-icon-x.png]
[qooh.me/images/designed-delete-icon-x-hover.png]
[qooh.me/images/close-notification-icon-hover.png]
[qooh.me/images/designed-reply-icon.png]
[qooh.me/images/designed-reply-icon-hover.png]
[qooh.me/images/sticky-question-icon.png]
[qooh.me/images/designed-sticky-delete-icon.png]
[qooh.me/images/designed-sticky-delete-icon-hover.png]
[qooh.me/images/designed-sticky-reply-icon.png]
[qooh.me/images/designed-sticky-reply-icon-hover.png]
[qooh.me/images/designed-search-icon.png]
[qooh.me/images/designed-unfollow_btn.png]
[qooh.me/images/designed-follow_btn.png]
[qooh.me/images/find-friends-icon-facebook.png]
[qooh.me/images/find-friends-icon-facebook-hover.png]
[qooh.me/images/find-friends-icon-qooh.png]
[qooh.me/images/find-friends-icon-twitter.png]
[qooh.me/images/find-friends-icon-twitter-hover.png]
[qooh.me/images/designed-body-bg-homep.png]
[qooh.me/images/designed-body-bg-recover.png]
[qooh.me/images/designed-x.png]
[qooh.me/images/designed-x-hover.png]
[qooh.me/images/designed-logo-main-page.png]
[qooh.me/images/upload-button.png]
[qooh.me/images/warning-icon.png]
[qooh.me/images/info-icon.png]
[qooh.me/images/error-icon.png]
[qooh.me/images/book.png]
[qooh.me/images/user-icon.png]
[qooh.me/images/user-icon-hover.png]
[qooh.me/images/new/plus.png]
[qooh.me/images/new/minus.png]
[qooh.me/images/bell-white-1.png]
[qooh.me/images/bell-hover.png]
[qooh.me/images/tip.png]
[qooh.me/images/down.png]
[qooh.me/images/down-hover.png]
[qooh.me/css/main.css]
[qooh.me/user/sign-up/index.html]
[qooh.me/how-it-works.html]
[qooh.me/user/recover-password/index.html]
[qooh.me/privacy.html]
[qooh.me/contact-us.html]
[qooh.me/terms.html]
[qooh.me/user/sign-up/Qooh.html]
[qooh.me/user/recover-password/Qooh.html]
